train 2705  val 300  (snippets longer than 80 tokens skipped)
loading graph ...
mode=real  neurons=49393  synapses=9050172  inputs=14064  outputs=1314
wiring spectral radius 0.9750 -> starting gain 4.10
trainable parameters: 1851629
[diag] mean |activity| over all neurons 0.0204, over output neurons 0.0155  (near 0 = signal dying, near 1 = saturated)
ep 1 batch 10  loss 1.114  acc 0.522  5.7s/batch
ep 1 batch 20  loss 0.727  acc 0.519  6.0s/batch
ep 1 batch 30  loss 0.839  acc 0.497  6.2s/batch
ep 1 batch 40  loss 0.760  acc 0.503  6.2s/batch
ep 1 batch 50  loss 0.763  acc 0.516  6.2s/batch
ep 1 batch 60  loss 0.685  acc 0.562  6.1s/batch
ep 1 batch 70  loss 0.706  acc 0.537  6.1s/batch
ep 1 batch 80  loss 0.694  acc 0.537  6.2s/batch
== epoch 1: val acc 0.477
   per kind {'dup_op': 1.0, 'keyword_typo': 1.0, 'missing_close_brace': 0.93, 'missing_close_paren': 1.0, 'missing_open_brace': 1.0, 'missing_open_paren': 1.0, 'missing_semicolon': 1.0, 'none': 0.02, 'semicolon_to_comma': 1.0, 'undeclared_var': 1.0, 'wrong_bracket': 1.0}
ep 2 batch 10  loss 0.669  acc 0.591  7.0s/batch
ep 2 batch 20  loss 0.823  acc 0.531  7.0s/batch
ep 2 batch 30  loss 0.722  acc 0.525  6.9s/batch
ep 2 batch 40  loss 0.693  acc 0.572  6.6s/batch
ep 2 batch 50  loss 0.778  acc 0.500  6.5s/batch
ep 2 batch 60  loss 0.702  acc 0.544  6.3s/batch
ep 2 batch 70  loss 0.702  acc 0.559  6.3s/batch
ep 2 batch 80  loss 0.668  acc 0.575  6.3s/batch
== epoch 2: val acc 0.540
   per kind {'dup_op': 1.0, 'keyword_typo': 0.94, 'missing_close_brace': 0.73, 'missing_close_paren': 0.91, 'missing_open_brace': 1.0, 'missing_open_paren': 0.95, 'missing_semicolon': 0.92, 'none': 0.19, 'semicolon_to_comma': 1.0, 'undeclared_var': 0.93, 'wrong_bracket': 1.0}
ep 3 batch 10  loss 0.711  acc 0.603  5.9s/batch
ep 3 batch 20  loss 0.677  acc 0.591  6.4s/batch
ep 3 batch 30  loss 0.698  acc 0.544  6.3s/batch
ep 3 batch 40  loss 0.659  acc 0.616  6.1s/batch
ep 3 batch 50  loss 0.788  acc 0.562  6.3s/batch
ep 3 batch 60  loss 0.624  acc 0.666  6.2s/batch
ep 3 batch 70  loss 0.941  acc 0.591  6.3s/batch
ep 3 batch 80  loss 0.771  acc 0.556  6.2s/batch
== epoch 3: val acc 0.677
   per kind {'dup_op': 0.5, 'keyword_typo': 0.83, 'missing_close_brace': 0.4, 'missing_close_paren': 0.55, 'missing_open_brace': 0.33, 'missing_open_paren': 0.8, 'missing_semicolon': 0.46, 'none': 0.68, 'semicolon_to_comma': 0.87, 'undeclared_var': 0.79, 'wrong_bracket': 1.0}
ep 4 batch 10  loss 0.801  acc 0.528  5.7s/batch
ep 4 batch 20  loss 0.734  acc 0.550  5.9s/batch
ep 4 batch 30  loss 0.670  acc 0.636  5.9s/batch
ep 4 batch 40  loss 0.687  acc 0.616  5.9s/batch
ep 4 batch 50  loss 0.897  acc 0.600  6.1s/batch
ep 4 batch 60  loss 0.648  acc 0.647  6.1s/batch
ep 4 batch 70  loss 0.685  acc 0.669  6.1s/batch
ep 4 batch 80  loss 0.602  acc 0.666  6.2s/batch
== epoch 4: val acc 0.780
   per kind {'dup_op': 0.5, 'keyword_typo': 0.78, 'missing_close_brace': 0.13, 'missing_close_paren': 0.36, 'missing_open_brace': 0.25, 'missing_open_paren': 0.7, 'missing_semicolon': 0.38, 'none': 0.92, 'semicolon_to_comma': 0.87, 'undeclared_var': 1.0, 'wrong_bracket': 1.0}
ep 5 batch 10  loss 0.689  acc 0.641  6.1s/batch
ep 5 batch 20  loss 0.721  acc 0.634  5.7s/batch
ep 5 batch 30  loss 0.609  acc 0.644  6.2s/batch
ep 5 batch 40  loss 0.534  acc 0.737  6.2s/batch
ep 5 batch 50  loss 0.738  acc 0.625  6.3s/batch
ep 5 batch 60  loss 0.469  acc 0.766  6.2s/batch
ep 5 batch 70  loss 0.599  acc 0.694  6.1s/batch
ep 5 batch 80  loss 0.473  acc 0.772  6.1s/batch
== epoch 5: val acc 0.770
   per kind {'dup_op': 0.4, 'keyword_typo': 0.72, 'missing_close_brace': 0.13, 'missing_close_paren': 0.27, 'missing_open_brace': 0.0, 'missing_open_paren': 0.6, 'missing_semicolon': 0.23, 'none': 0.97, 'semicolon_to_comma': 0.87, 'undeclared_var': 0.93, 'wrong_bracket': 1.0}
ep 6 batch 10  loss 0.717  acc 0.641  6.5s/batch
ep 6 batch 20  loss 0.578  acc 0.700  6.5s/batch
ep 6 batch 30  loss 0.582  acc 0.697  6.3s/batch
ep 6 batch 40  loss 0.498  acc 0.725  6.3s/batch
ep 6 batch 50  loss 0.578  acc 0.753  6.4s/batch
ep 6 batch 60  loss 1.110  acc 0.569  6.3s/batch
ep 6 batch 70  loss 0.753  acc 0.684  6.2s/batch
ep 6 batch 80  loss 0.793  acc 0.581  6.2s/batch
== epoch 6: val acc 0.783
   per kind {'dup_op': 0.5, 'keyword_typo': 0.83, 'missing_close_brace': 0.2, 'missing_close_paren': 0.45, 'missing_open_brace': 0.08, 'missing_open_paren': 0.65, 'missing_semicolon': 0.38, 'none': 0.92, 'semicolon_to_comma': 0.93, 'undeclared_var': 1.0, 'wrong_bracket': 1.0}
ep 7 batch 10  loss 0.630  acc 0.641  6.4s/batch
ep 7 batch 20  loss 0.690  acc 0.641  6.1s/batch
ep 7 batch 30  loss 0.777  acc 0.611  6.1s/batch
ep 7 batch 40  loss 0.607  acc 0.622  6.2s/batch
ep 7 batch 50  loss 0.396  acc 0.812  6.2s/batch
ep 7 batch 60  loss 0.506  acc 0.713  6.2s/batch
ep 7 batch 70  loss 0.551  acc 0.719  6.1s/batch
ep 7 batch 80  loss 1.008  acc 0.603  6.2s/batch
== epoch 7: val acc 0.600
   per kind {'dup_op': 0.1, 'keyword_typo': 0.22, 'missing_close_brace': 0.0, 'missing_close_paren': 0.0, 'missing_open_brace': 0.0, 'missing_open_paren': 0.1, 'missing_semicolon': 0.0, 'none': 1.0, 'semicolon_to_comma': 0.0, 'undeclared_var': 0.29, 'wrong_bracket': 0.77}
ep 8 batch 10  loss 0.929  acc 0.606  5.5s/batch
ep 8 batch 20  loss 0.738  acc 0.628  5.9s/batch
ep 8 batch 30  loss 0.715  acc 0.615  5.9s/batch
ep 8 batch 40  loss 0.442  acc 0.794  6.1s/batch
ep 8 batch 50  loss 0.681  acc 0.694  6.1s/batch
ep 8 batch 60  loss 0.734  acc 0.625  6.2s/batch
ep 8 batch 70  loss 0.595  acc 0.713  6.2s/batch
ep 8 batch 80  loss 0.404  acc 0.825  6.2s/batch
== epoch 8: val acc 0.800
   per kind {'dup_op': 0.4, 'keyword_typo': 0.78, 'missing_close_brace': 0.2, 'missing_close_paren': 0.64, 'missing_open_brace': 0.25, 'missing_open_paren': 0.8, 'missing_semicolon': 0.77, 'none': 0.89, 'semicolon_to_comma': 1.0, 'undeclared_var': 1.0, 'wrong_bracket': 1.0}
