train 2705  val 300  (snippets longer than 80 tokens skipped)
loading graph ...
mode=real  neurons=49393  synapses=9050172  inputs=14064  outputs=1314
wiring spectral radius 0.9750 -> starting gain 4.10
trainable parameters: 1841117
[diag] mean |activity| over all neurons 0.0222, over output neurons 0.0347  (near 0 = signal dying, near 1 = saturated)
ep 1 batch 10  loss 0.824  acc 0.487  2.3s/batch
ep 1 batch 20  loss 0.786  acc 0.438  2.1s/batch
ep 1 batch 30  loss 0.756  acc 0.381  2.1s/batch
ep 1 batch 40  loss 0.747  acc 0.500  1.9s/batch
ep 1 batch 50  loss 0.718  acc 0.519  1.8s/batch
ep 1 batch 60  loss 0.728  acc 0.519  1.8s/batch
ep 1 batch 70  loss 0.738  acc 0.481  1.8s/batch
ep 1 batch 80  loss 0.687  acc 0.606  1.7s/batch
ep 1 batch 90  loss 0.709  acc 0.425  1.7s/batch
ep 1 batch 100  loss 0.761  acc 0.425  1.7s/batch
ep 1 batch 110  loss 0.697  acc 0.531  1.7s/batch
ep 1 batch 120  loss 0.702  acc 0.537  1.7s/batch
ep 1 batch 130  loss 0.823  acc 0.419  1.7s/batch
ep 1 batch 140  loss 0.723  acc 0.475  1.8s/batch
ep 1 batch 150  loss 0.694  acc 0.588  2.0s/batch
ep 1 batch 160  loss 0.736  acc 0.525  2.1s/batch
ep 1 batch 170  loss 0.730  acc 0.500  2.2s/batch
== epoch 1: val acc 0.470
   per kind {'dup_op': 1.0, 'keyword_typo': 1.0, 'missing_close_brace': 1.0, 'missing_close_paren': 1.0, 'missing_open_brace': 1.0, 'missing_open_paren': 1.0, 'missing_semicolon': 1.0, 'none': 0.0, 'semicolon_to_comma': 1.0, 'undeclared_var': 1.0, 'wrong_bracket': 1.0}
ep 2 batch 10  loss 0.699  acc 0.519  2.5s/batch
ep 2 batch 20  loss 0.733  acc 0.531  2.0s/batch
ep 2 batch 30  loss 0.738  acc 0.556  2.0s/batch
ep 2 batch 40  loss 0.721  acc 0.569  1.9s/batch
ep 2 batch 50  loss 0.869  acc 0.438  1.9s/batch
ep 2 batch 60  loss 0.743  acc 0.531  2.2s/batch
ep 2 batch 70  loss 0.729  acc 0.525  2.4s/batch
ep 2 batch 80  loss 0.784  acc 0.450  2.5s/batch
ep 2 batch 90  loss 0.692  acc 0.556  2.6s/batch
ep 2 batch 100  loss 0.739  acc 0.500  2.7s/batch
ep 2 batch 110  loss 0.760  acc 0.494  2.8s/batch
ep 2 batch 120  loss 0.702  acc 0.531  2.8s/batch
ep 2 batch 130  loss 0.713  acc 0.519  2.9s/batch
ep 2 batch 140  loss 0.706  acc 0.506  2.9s/batch
ep 2 batch 150  loss 0.705  acc 0.487  3.0s/batch
ep 2 batch 160  loss 0.791  acc 0.512  3.0s/batch
ep 2 batch 170  loss 0.778  acc 0.500  3.0s/batch
== epoch 2: val acc 0.510
   per kind {'dup_op': 0.1, 'keyword_typo': 0.06, 'missing_close_brace': 0.2, 'missing_close_paren': 0.18, 'missing_open_brace': 0.17, 'missing_open_paren': 0.2, 'missing_semicolon': 0.23, 'none': 0.79, 'semicolon_to_comma': 0.4, 'undeclared_var': 0.14, 'wrong_bracket': 0.23}
ep 3 batch 10  loss 0.765  acc 0.544  1.8s/batch
ep 3 batch 20  loss 0.878  acc 0.487  1.7s/batch
ep 3 batch 30  loss 0.822  acc 0.506  1.7s/batch
ep 3 batch 40  loss 0.710  acc 0.581  1.7s/batch
ep 3 batch 50  loss 0.690  acc 0.562  1.7s/batch
ep 3 batch 60  loss 0.708  acc 0.487  1.7s/batch
ep 3 batch 70  loss 0.764  acc 0.481  1.7s/batch
ep 3 batch 80  loss 0.748  acc 0.537  1.7s/batch
ep 3 batch 90  loss 0.756  acc 0.475  1.7s/batch
ep 3 batch 100  loss 0.724  acc 0.481  1.7s/batch
ep 3 batch 110  loss 0.693  acc 0.525  1.7s/batch
ep 3 batch 120  loss 0.726  acc 0.469  1.7s/batch
ep 3 batch 130  loss 0.683  acc 0.556  1.7s/batch
ep 3 batch 140  loss 0.708  acc 0.544  1.7s/batch
ep 3 batch 150  loss 0.750  acc 0.512  1.6s/batch
ep 3 batch 160  loss 0.737  acc 0.469  1.7s/batch
ep 3 batch 170  loss 0.714  acc 0.525  1.6s/batch
== epoch 3: val acc 0.587
   per kind {'dup_op': 0.1, 'keyword_typo': 0.11, 'missing_close_brace': 0.33, 'missing_close_paren': 0.09, 'missing_open_brace': 0.08, 'missing_open_paren': 0.05, 'missing_semicolon': 0.0, 'none': 0.96, 'semicolon_to_comma': 0.6, 'undeclared_var': 0.21, 'wrong_bracket': 0.08}
ep 4 batch 10  loss 0.719  acc 0.487  1.6s/batch
ep 4 batch 20  loss 0.719  acc 0.544  1.6s/batch
ep 4 batch 30  loss 0.703  acc 0.525  1.6s/batch
ep 4 batch 40  loss 0.769  acc 0.506  1.6s/batch
ep 4 batch 50  loss 0.708  acc 0.469  1.6s/batch
ep 4 batch 60  loss 0.699  acc 0.575  1.6s/batch
ep 4 batch 70  loss 0.665  acc 0.600  1.7s/batch
ep 4 batch 80  loss 0.755  acc 0.481  1.7s/batch
ep 4 batch 90  loss 0.714  acc 0.512  1.7s/batch
ep 4 batch 100  loss 0.699  acc 0.500  1.7s/batch
ep 4 batch 110  loss 0.716  acc 0.463  1.7s/batch
ep 4 batch 120  loss 0.684  acc 0.537  1.7s/batch
ep 4 batch 130  loss 0.708  acc 0.506  1.7s/batch
ep 4 batch 140  loss 0.688  acc 0.562  1.7s/batch
ep 4 batch 150  loss 0.716  acc 0.494  1.7s/batch
ep 4 batch 160  loss 0.736  acc 0.550  1.7s/batch
ep 4 batch 170  loss 0.701  acc 0.531  1.7s/batch
== epoch 4: val acc 0.473
   per kind {'dup_op': 0.9, 'keyword_typo': 1.0, 'missing_close_brace': 1.0, 'missing_close_paren': 1.0, 'missing_open_brace': 0.92, 'missing_open_paren': 1.0, 'missing_semicolon': 0.92, 'none': 0.03, 'semicolon_to_comma': 1.0, 'undeclared_var': 0.93, 'wrong_bracket': 1.0}
