data=v2  train 3202  val 300  (snippets longer than 80 tokens skipped)
loading graph ...
mode=shuffled  neurons=49393  synapses=8991789  inputs=14064  outputs=1314
wiring spectral radius 0.2217 -> starting gain 4.51
trainable parameters: 712445
[diag] mean |activity| over all neurons 0.0114, over output neurons 0.0120  (near 0 = signal dying, near 1 = saturated)
ep 1 batch 10  loss 1.406  acc 0.528  3.1s/batch
ep 1 batch 20  loss 1.180  acc 0.550  3.2s/batch
ep 1 batch 30  loss 1.015  acc 0.456  4.1s/batch
ep 1 batch 40  loss 1.224  acc 0.541  4.5s/batch
ep 1 batch 50  loss 0.819  acc 0.497  4.4s/batch
ep 1 batch 60  loss 0.729  acc 0.491  5.0s/batch
ep 1 batch 70  loss 0.810  acc 0.500  5.3s/batch
ep 1 batch 80  loss 0.726  acc 0.519  5.5s/batch
ep 1 batch 90  loss 0.770  acc 0.494  5.7s/batch
ep 1 batch 100  loss 0.741  acc 0.469  5.8s/batch
== epoch 1: val acc 0.513
   per kind {'moved_brace': 0.46, 'moved_paren': 0.34, 'moved_semicolon': 0.43, 'none': 0.57, 'swap_adjacent': 0.62}
ep 2 batch 10  loss 0.733  acc 0.491  7.7s/batch
ep 2 batch 20  loss 0.790  acc 0.469  7.5s/batch
ep 2 batch 30  loss 0.733  acc 0.519  7.1s/batch
ep 2 batch 40  loss 0.809  acc 0.491  6.8s/batch
ep 2 batch 50  loss 0.743  acc 0.453  6.7s/batch
ep 2 batch 60  loss 0.747  acc 0.422  6.8s/batch
ep 2 batch 70  loss 0.715  acc 0.497  6.6s/batch
ep 2 batch 80  loss 0.713  acc 0.494  6.6s/batch
ep 2 batch 90  loss 0.740  acc 0.516  6.6s/batch
ep 2 batch 100  loss 0.814  acc 0.519  6.6s/batch
== epoch 2: val acc 0.500
   per kind {'moved_brace': 0.0, 'moved_paren': 0.0, 'moved_semicolon': 0.0, 'none': 1.0, 'swap_adjacent': 0.0}
ep 3 batch 10  loss 0.780  acc 0.453  6.3s/batch
ep 3 batch 20  loss 0.739  acc 0.512  6.6s/batch
ep 3 batch 30  loss 0.792  acc 0.484  6.7s/batch
ep 3 batch 40  loss 0.747  acc 0.469  6.5s/batch
ep 3 batch 50  loss 0.833  acc 0.534  6.6s/batch
ep 3 batch 60  loss 0.742  acc 0.519  6.6s/batch
ep 3 batch 70  loss 0.718  acc 0.487  6.6s/batch
ep 3 batch 80  loss 0.698  acc 0.525  6.6s/batch
ep 3 batch 90  loss 0.716  acc 0.531  6.5s/batch
ep 3 batch 100  loss 0.722  acc 0.531  6.5s/batch
== epoch 3: val acc 0.520
   per kind {'moved_brace': 0.25, 'moved_paren': 0.15, 'moved_semicolon': 0.32, 'none': 0.79, 'swap_adjacent': 0.29}
ep 4 batch 10  loss 0.714  acc 0.481  6.2s/batch
ep 4 batch 20  loss 0.692  acc 0.531  6.2s/batch
ep 4 batch 30  loss 0.770  acc 0.491  6.2s/batch
ep 4 batch 40  loss 0.797  acc 0.444  6.1s/batch
ep 4 batch 50  loss 0.793  acc 0.509  6.1s/batch
ep 4 batch 60  loss 0.763  acc 0.466  6.2s/batch
ep 4 batch 70  loss 0.742  acc 0.487  6.3s/batch
ep 4 batch 80  loss 0.708  acc 0.531  6.3s/batch
ep 4 batch 90  loss 0.701  acc 0.516  6.3s/batch
ep 4 batch 100  loss 0.761  acc 0.497  6.4s/batch
== epoch 4: val acc 0.500
   per kind {'moved_brace': 0.0, 'moved_paren': 0.0, 'moved_semicolon': 0.0, 'none': 1.0, 'swap_adjacent': 0.0}
ep 5 batch 10  loss 0.705  acc 0.531  7.2s/batch
ep 5 batch 20  loss 0.694  acc 0.503  6.6s/batch
ep 5 batch 30  loss 0.706  acc 0.472  6.6s/batch
ep 5 batch 40  loss 0.740  acc 0.500  6.4s/batch
ep 5 batch 50  loss 0.737  acc 0.487  6.4s/batch
ep 5 batch 60  loss 0.722  acc 0.444  6.5s/batch
ep 5 batch 70  loss 0.738  acc 0.494  6.6s/batch
ep 5 batch 80  loss 0.699  acc 0.553  6.4s/batch
ep 5 batch 90  loss 0.696  acc 0.537  6.3s/batch
ep 5 batch 100  loss 0.704  acc 0.500  6.4s/batch
== epoch 5: val acc 0.510
   per kind {'moved_brace': 0.11, 'moved_paren': 0.02, 'moved_semicolon': 0.0, 'none': 0.99, 'swap_adjacent': 0.0}
ep 6 batch 10  loss 0.704  acc 0.494  6.0s/batch
ep 6 batch 20  loss 0.701  acc 0.541  6.3s/batch
ep 6 batch 30  loss 0.695  acc 0.559  6.3s/batch
ep 6 batch 40  loss 0.711  acc 0.519  6.4s/batch
ep 6 batch 50  loss 0.710  acc 0.522  6.4s/batch
ep 6 batch 60  loss 0.751  acc 0.478  6.4s/batch
ep 6 batch 70  loss 0.700  acc 0.500  6.4s/batch
ep 6 batch 80  loss 0.692  acc 0.497  6.3s/batch
ep 6 batch 90  loss 0.695  acc 0.509  6.3s/batch
ep 6 batch 100  loss 0.689  acc 0.537  6.3s/batch
== epoch 6: val acc 0.503
   per kind {'moved_brace': 0.93, 'moved_paren': 0.98, 'moved_semicolon': 0.94, 'none': 0.05, 'swap_adjacent': 0.97}
ep 7 batch 10  loss 0.683  acc 0.541  5.8s/batch
ep 7 batch 20  loss 0.687  acc 0.522  5.8s/batch
ep 7 batch 30  loss 0.686  acc 0.556  6.0s/batch
ep 7 batch 40  loss 0.697  acc 0.547  6.0s/batch
ep 7 batch 50  loss 0.699  acc 0.503  6.0s/batch
ep 7 batch 60  loss 0.698  acc 0.512  6.2s/batch
ep 7 batch 70  loss 0.682  acc 0.578  6.2s/batch
ep 7 batch 80  loss 0.690  acc 0.519  6.2s/batch
ep 7 batch 90  loss 0.700  acc 0.491  6.2s/batch
ep 7 batch 100  loss 0.690  acc 0.534  6.3s/batch
== epoch 7: val acc 0.577
   per kind {'moved_brace': 0.68, 'moved_paren': 0.59, 'moved_semicolon': 0.45, 'none': 0.65, 'swap_adjacent': 0.35}
ep 8 batch 10  loss 0.688  acc 0.559  6.9s/batch
ep 8 batch 20  loss 0.687  acc 0.537  6.6s/batch
ep 8 batch 30  loss 0.680  acc 0.619  6.3s/batch
ep 8 batch 40  loss 0.686  acc 0.531  6.3s/batch
ep 8 batch 50  loss 0.689  acc 0.544  6.2s/batch
ep 8 batch 60  loss 0.688  acc 0.550  6.3s/batch
ep 8 batch 70  loss 0.687  acc 0.559  6.4s/batch
ep 8 batch 80  loss 0.675  acc 0.616  6.4s/batch
ep 8 batch 90  loss 0.684  acc 0.566  6.3s/batch
ep 8 batch 100  loss 0.680  acc 0.588  6.3s/batch
== epoch 8: val acc 0.567
   per kind {'moved_brace': 0.71, 'moved_paren': 0.63, 'moved_semicolon': 0.47, 'none': 0.56, 'swap_adjacent': 0.53}
